
> hydrn-web-app@0.1.0 build
> vite build

[36mvite v5.4.21 [32mbuilding for production...[36m[39m
transforming...
[32m✓[39m 6 modules transformed.
[31mx[39m Build failed in 429ms
[31merror during build:
[31m[vite:esbuild] Transform failed with 1 error:
C:/Users/abhis/Desktop/Hydrn/Web App/src/pages/EventDetail.jsx:101:0: ERROR: Unterminated string literal[31m
file: [36mC:/Users/abhis/Desktop/Hydrn/Web App/src/pages/EventDetail.jsx:101:0[31m
[33m
[33mUnterminated string literal[33m
99 |      )
100|  }
101|  
   |  ^
[31m
    at failureErrorWithLog (C:\Users\abhis\Desktop\Hydrn\Web App\node_modules\esbuild\lib\main.js:1472:15)
    at C:\Users\abhis\Desktop\Hydrn\Web App\node_modules\esbuild\lib\main.js:755:50
    at responseCallbacks.<computed> (C:\Users\abhis\Desktop\Hydrn\Web App\node_modules\esbuild\lib\main.js:622:9)
    at handleIncomingPacket (C:\Users\abhis\Desktop\Hydrn\Web App\node_modules\esbuild\lib\main.js:677:12)
    at Socket.readFromStdout (C:\Users\abhis\Desktop\Hydrn\Web App\node_modules\esbuild\lib\main.js:600:7)
    at Socket.emit (node:events:518:28)
    at addChunk (node:internal/streams/readable:561:12)
    at readableAddChunkPushByteMode (node:internal/streams/readable:512:3)
    at Readable.push (node:internal/streams/readable:392:5)
    at Pipe.onStreamRead (node:internal/stream_base_commons:189:23)[39m
